Circuit: * C:\Users\theac\OneDrive\Documents\GitHub\Overdrive-Distortion-Guitar-Pedal\ltspice\Overdrive_Distortion_Schematic.asc

Direct Newton iteration failed to find .op point.  (Use ".option noopiter" to skip.)
Starting Gmin stepping
Gmin = 10
Gmin = 1.07374
Gmin = 0.115292
Gmin = 0.0123794
Gmin = 0.00132923
Gmin = 0.000142725
Gmin = 1.5325e-005
Gmin = 1.6455e-006
vernier = 0.5
Gmin = 2.7607e-007
vernier = 0.25
vernier = 0.333333
Gmin = 1.54418e-007
vernier = 0.444444
Gmin = 5.95805e-008
vernier = 0.592592
vernier = 0.790123
Gmin = 1.26465e-008
vernier = 1
Gmin = 1.47951e-009
Gmin = 1.58861e-010
Gmin = 1.70576e-011
Gmin = 1.83154e-012
Gmin = 1.9666e-013
Gmin = 0
Gmin stepping succeeded in finding the operating point.


Date: Sun May 17 22:27:37 2026
Total elapsed time: 0.314 seconds.

tnom = 27
temp = 27
method = modified trap
totiter = 5137
traniter = 4425
tranpoints = 1762
accept = 1516
rejected = 246
matrix size = 43
fillins = 90
solver = Normal
Thread vector: 18.7/9.1[5] 8.1/5.0[5] 3.8/2.9[3] 0.2/1.0[1]  2592/500
Matrix Compiler1: 8.40 KB object code size  3.5/1.3/[1.2]
Matrix Compiler2:     414 opcodes  0.8/[0.8]/0.9

